******************************************************************************
                  TI ARM Linker PC v5.2.6                      
******************************************************************************
>> Linked Fri Jun 24 19:40:44 2016

OUTPUT FILE NAME:   <circuitbot.out>
ENTRY POINT SYMBOL: "_c_int00"  address: 00001631


MEMORY CONFIGURATION

         name            origin    length      used     unused   attr    fill
----------------------  --------  ---------  --------  --------  ----  --------
  FLASH                 00000000   00040000  00002d1c  0003d2e4  R  X
  SRAM                  20000000   00008000  00001598  00006a68  RW X


SEGMENT ALLOCATION MAP

run origin  load origin   length   init length attrs members
----------  ----------- ---------- ----------- ----- -------
00000000    00000000    00002d20   00002d20    r-x
  00000000    00000000    0000026c   0000026c    r-- .intvecs
  0000026c    0000026c    00001814   00001814    r-x .text
  00001a80    00001a80    00000254   00000254    r-- .const
  00001cd8    00001cd8    00001048   00001048    r-- .cinit
20000000    20000000    00001598   00000000    rw-
  20000000    20000000    0000026c   00000000    rw- .vtable
  2000026c    2000026c    00001030   00000000    rw- .data
  2000129c    2000129c    00000200   00000000    rw- .stack
  2000149c    2000149c    000000fc   00000000    rw- .bss


SECTION ALLOCATION MAP

 output                                  attributes/
section   page    origin      length       input sections
--------  ----  ----------  ----------   ----------------
.intvecs   0    00000000    0000026c     
                  00000000    0000026c     tm4c123gh6pm_startup_ccs.obj (.intvecs)

.text      0    0000026c    00001814     
                  0000026c    00000880     libmotorpack.obj (.text)
                  00000aec    00000278     main.obj (.text)
                  00000d64    0000017c     DAC082S085.obj (.text)
                  00000ee0    00000160     stepper.obj (.text)
                  00001040    00000132     driverlib.lib : gpio.obj (.text:GPIOPadConfigSet)
                  00001172    00000002     --HOLE-- [fill = 0]
                  00001174    00000110                   : sysctl.obj (.text:SysCtlClockGet)
                  00001284    000000f4                   : sysctl.obj (.text:SysCtlClockSet)
                  00001378    0000009c     rtsv7M4_T_le_v4SPD16_eabi.lib : memcpy_t2.obj (.text)
                  00001414    0000007a                                   : memset_t2.obj (.text)
                  0000148e    00000002     --HOLE-- [fill = 0]
                  00001490    0000006c                                   : autoinit.obj (.text)
                  000014fc    0000006a                                   : copy_decompress_rle.obj (.text)
                  00001566    00000002     --HOLE-- [fill = 0]
                  00001568    00000068     driverlib.lib : interrupt.obj (.text:IntEnable)
                  000015d0    00000060                   : timer.obj (.text:TimerConfigure)
                  00001630    00000050     rtsv7M4_T_le_v4SPD16_eabi.lib : boot.obj (.text)
                  00001680    0000004c     driverlib.lib : timer.obj (.text:_TimerIntNumberGet)
                  000016cc    0000004c     rtsv7M4_T_le_v4SPD16_eabi.lib : cpy_tbl.obj (.text)
                  00001718    00000048     driverlib.lib : gpio.obj (.text:GPIOPinConfigure)
                  00001760    00000044     rtsv7M4_T_le_v4SPD16_eabi.lib : exit.obj (.text)
                  000017a4    00000040     driverlib.lib : ssi.obj (.text:_SSIIntNumberGet)
                  000017e4    0000003c                   : ssi.obj (.text:SSIConfigSetExpClk)
                  00001820    00000038                   : sysctl.obj (.text:SysCtlPeripheralReady)
                  00001858    00000034                   : interrupt.obj (.text:IntRegister)
                  0000188c    00000034                   : sysctl.obj (.text:SysCtlPeripheralEnable)
                  000018c0    0000002a                   : gpio.obj (.text:GPIODirModeSet)
                  000018ea    00000018                   : gpio.obj (.text:GPIOPinTypeGPIOOutput)
                  00001902    00000018                   : ssi.obj (.text:SSIIntRegister)
                  0000191a    00000002     --HOLE-- [fill = 0]
                  0000191c    00000018                   : timer.obj (.text:TimerDisable)
                  00001934    00000018                   : timer.obj (.text:TimerIntRegister)
                  0000194c    00000018     rtsv7M4_T_le_v4SPD16_eabi.lib : args_main.obj (.text)
                  00001964    00000014                                   : _lock.obj (.text)
                  00001978    00000012     driverlib.lib : gpio.obj (.text:GPIOPinTypeSSI)
                  0000198a    00000012                   : ssi.obj (.text:SSIDataGetNonBlocking)
                  0000199c    00000012                   : timer.obj (.text:TimerLoadSet)
                  000019ae    00000002     --HOLE-- [fill = 0]
                  000019b0    00000010                   : fpu.obj (.text:FPUEnable)
                  000019c0    00000010                   : fpu.obj (.text:FPULazyStackingEnable)
                  000019d0    00000010                   : interrupt.obj (.text:IntMasterEnable)
                  000019e0    0000000e                   : timer.obj (.text:TimerEnable)
                  000019ee    0000000e     rtsv7M4_T_le_v4SPD16_eabi.lib : copy_decompress_none.obj (.text:decompress:none)
                  000019fc    0000000c     driverlib.lib : cpu.obj (.text:CPUcpsie)
                  00001a08    0000000c                   : ssi.obj (.text:SSIDataGet)
                  00001a14    0000000c     rtsv7M4_T_le_v4SPD16_eabi.lib : copy_zero_init.obj (.text:decompress:ZI)
                  00001a20    0000000c     tm4c123gh6pm_startup_ccs.obj (.text)
                  00001a2c    0000000a     driverlib.lib : ssi.obj (.text:SSIDataPut)
                  00001a36    0000000a                   : ssi.obj (.text:SSIEnable)
                  00001a40    0000000a                   : timer.obj (.text:TimerLoadGet)
                  00001a4a    00000008                   : ssi.obj (.text:SSIBusy)
                  00001a52    00000008                   : ssi.obj (.text:SSIIntEnable)
                  00001a5a    00000008                   : timer.obj (.text:TimerIntEnable)
                  00001a62    00000006                   : gpio.obj (.text:GPIOPinWrite)
                  00001a68    00000006                   : sysctl.obj (.text:SysCtlDelay)
                  00001a6e    00000006     rtsv7M4_T_le_v4SPD16_eabi.lib : copy_decompress_rle.obj (.text:decompress:rle24)
                  00001a74    00000004     driverlib.lib : ssi.obj (.text:SSIIntClear)
                  00001a78    00000004                   : timer.obj (.text:TimerIntClear)
                  00001a7c    00000004     rtsv7M4_T_le_v4SPD16_eabi.lib : pre_init.obj (.text)

.const     0    00001a80    00000254     
                  00001a80    00000090     driverlib.lib : gpio.obj (.const:g_pui32GPIOBaseAddrs)
                  00001b10    00000070                   : interrupt.obj (.const)
                  00001b80    0000006c                   : sysctl.obj (.const:g_pui32Xtals)
                  00001bec    00000060                   : timer.obj (.const:g_ppui32TimerIntMap)
                  00001c4c    00000048                   : ssi.obj (.const)
                  00001c94    00000040                   : timer.obj (.const:g_ppui32TimerIntMapSnowflake)

.cinit     0    00001cd8    00001048     
                  00001cd8    0000100d     (.cinit..data.load) [load image, compression = rle]
                  00002ce5    00000003     --HOLE-- [fill = 0]
                  00002ce8    0000000c     (__TI_handler_table)
                  00002cf4    00000004     --HOLE-- [fill = 0]
                  00002cf8    00000008     (.cinit..bss.load) [load image, compression = zero_init]
                  00002d00    00000008     (.cinit..vtable.load) [load image, compression = zero_init]
                  00002d08    00000018     (__TI_cinit_table)

.init_array 
*          0    00000000    00000000     UNINITIALIZED

.vtable    0    20000000    0000026c     UNINITIALIZED
                  20000000    0000026c     driverlib.lib : interrupt.obj (.vtable)

.data      0    2000026c    00001030     UNINITIALIZED
                  2000026c    00000ffc     libmotorpack.obj (.data:microstep_values)
                  20001268    00000020     main.obj (.data)
                  20001288    00000008     rtsv7M4_T_le_v4SPD16_eabi.lib : _lock.obj (.data)
                  20001290    00000008                                   : exit.obj (.data)
                  20001298    00000004                                   : stkdepth_vars.obj (.data)

.TI.persistent 
*          0    2000026c    00000000     UNINITIALIZED

.stack     0    2000129c    00000200     UNINITIALIZED
                  2000129c    00000200     --HOLE--

.bss       0    2000149c    000000fc     UNINITIALIZED
                  2000149c    000000fc     libmotorpack.obj (.bss:mp)

.TI.noinit 
*          0    2000149c    00000000     UNINITIALIZED


LINKER GENERATED COPY TABLES

__TI_cinit_table @ 00002d08 records: 3, size/record: 8, table size: 24
	.data: load addr=00001cd8, load size=0000100d bytes, run addr=2000026c, run size=00001030 bytes, compression=rle
	.bss: load addr=00002cf8, load size=00000008 bytes, run addr=2000149c, run size=000000fc bytes, compression=zero_init
	.vtable: load addr=00002d00, load size=00000008 bytes, run addr=20000000, run size=0000026c bytes, compression=zero_init


LINKER GENERATED HANDLER TABLE

__TI_handler_table @ 00002ce8 records: 3, size/record: 4, table size: 12
	index: 0, handler: __TI_zero_init
	index: 1, handler: __TI_decompress_rle24
	index: 2, handler: __TI_decompress_none


GLOBAL SYMBOLS: SORTED ALPHABETICALLY BY Name 

address   name                        
-------   ----                        
00001761  C$$EXIT                     
000019fd  CPUcpsie                    
00000bc9  ConfigureSPI                
00000aed  ConfigureTimer              
00000e97  DAC082S085_get_value        
00000d65  DAC082S085_init             
00000e11  DAC082S085_set_value        
000019b1  FPUEnable                   
000019c1  FPULazyStackingEnable       
000018c1  GPIODirModeSet              
00001041  GPIOPadConfigSet            
00001719  GPIOPinConfigure            
000018eb  GPIOPinTypeGPIOOutput       
00001979  GPIOPinTypeSSI              
00001a63  GPIOPinWrite                
00001569  IntEnable                   
000019d1  IntMasterEnable             
00001859  IntRegister                 
00001a21  ResetISR                    
UNDEFED   SHT$$INIT_ARRAY$$Base       
UNDEFED   SHT$$INIT_ARRAY$$Limit      
00000b29  SSI0IntHandler              
00001a4b  SSIBusy                     
000017e5  SSIConfigSetExpClk          
00001a09  SSIDataGet                  
0000198b  SSIDataGetNonBlocking       
00001a2d  SSIDataPut                  
00001a37  SSIEnable                   
00001a75  SSIIntClear                 
00001a53  SSIIntEnable                
00001903  SSIIntRegister              
00001175  SysCtlClockGet              
00001285  SysCtlClockSet              
00001a69  SysCtlDelay                 
0000188d  SysCtlPeripheralEnable      
00001821  SysCtlPeripheralReady       
0000026d  TIMER2AIntHandler           
000003b7  TIMER3AIntHandler           
00000525  TIMER4AIntHandler           
00000c29  Timer0IntHandler            
000015d1  TimerConfigure              
0000191d  TimerDisable                
000019e1  TimerEnable                 
00001a79  TimerIntClear               
00001a5b  TimerIntEnable              
00001935  TimerIntRegister            
00001a41  TimerLoadGet                
0000199d  TimerLoadSet                
2000149c  __STACK_END                 
00000200  __STACK_SIZE                
2000149c  __STACK_TOP                 
00002d08  __TI_CINIT_Base             
00002d20  __TI_CINIT_Limit            
00002ce8  __TI_Handler_Table_Base     
00002cf4  __TI_Handler_Table_Limit    
00001491  __TI_auto_init              
20001290  __TI_cleanup_ptr            
000019ef  __TI_decompress_none        
00001a6f  __TI_decompress_rle24       
20001294  __TI_dtors_ptr              
00000000  __TI_static_base__          
00001a15  __TI_zero_init              
00001415  __aeabi_memclr              
00001415  __aeabi_memclr4             
00001415  __aeabi_memclr8             
00001379  __aeabi_memcpy              
00001379  __aeabi_memcpy4             
00001379  __aeabi_memcpy8             
00001417  __aeabi_memset              
00001417  __aeabi_memset4             
00001417  __aeabi_memset8             
ffffffff  __binit__                   
ffffffff  __c_args__                  
2000129c  __stack                     
0000194d  _args_main                  
00001631  _c_int00                    
20001288  _lock                       
00001973  _nop                        
0000196b  _register_lock              
00001965  _register_unlock            
00001a7d  _system_pre_init            
2000128c  _unlock                     
00001765  abort                       
ffffffff  binit                       
000016cd  copy_in                     
20001280  dataReady                   
0000176d  exit                        
20000000  g_pfnRAMVectors             
00000000  g_pfnVectors                
00000ccd  main                        
20001298  main_func_sp                
00001379  memcpy                      
0000141d  memset                      
2000026c  microstep_values            
0000069f  motor_pack_disable_motors   
00000691  motor_pack_enable_motors    
00000679  motor_pack_init             
000006e5  motor_pack_init_stepper     
0000090f  motor_pack_move_steps       
00000959  motor_pack_set_stepper_dir  
000008ad  motor_pack_set_stepper_div  
000008dd  motor_pack_set_stepping_rate
00000a41  motor_pack_stepper_idle     
0000099d  motor_pack_stepper_start    
000009dd  motor_pack_stepper_stop     
2000149c  mp                          
20001268  receiveData                 
20001274  receiveSigns                
20001284  running                     
00000f4f  stepper_disable             
00000f73  stepper_enable              
00000f3b  stepper_idle                
00000ee1  stepper_init                
0000101d  stepper_move_steps          
00000fd9  stepper_set_dir             
00000feb  stepper_set_stepping_rate   
00000fbb  stepper_start               
00000f9d  stepper_stop                


GLOBAL SYMBOLS: SORTED BY Symbol Address 

address   name                        
-------   ----                        
00000000  __TI_static_base__          
00000000  g_pfnVectors                
00000200  __STACK_SIZE                
0000026d  TIMER2AIntHandler           
000003b7  TIMER3AIntHandler           
00000525  TIMER4AIntHandler           
00000679  motor_pack_init             
00000691  motor_pack_enable_motors    
0000069f  motor_pack_disable_motors   
000006e5  motor_pack_init_stepper     
000008ad  motor_pack_set_stepper_div  
000008dd  motor_pack_set_stepping_rate
0000090f  motor_pack_move_steps       
00000959  motor_pack_set_stepper_dir  
0000099d  motor_pack_stepper_start    
000009dd  motor_pack_stepper_stop     
00000a41  motor_pack_stepper_idle     
00000aed  ConfigureTimer              
00000b29  SSI0IntHandler              
00000bc9  ConfigureSPI                
00000c29  Timer0IntHandler            
00000ccd  main                        
00000d65  DAC082S085_init             
00000e11  DAC082S085_set_value        
00000e97  DAC082S085_get_value        
00000ee1  stepper_init                
00000f3b  stepper_idle                
00000f4f  stepper_disable             
00000f73  stepper_enable              
00000f9d  stepper_stop                
00000fbb  stepper_start               
00000fd9  stepper_set_dir             
00000feb  stepper_set_stepping_rate   
0000101d  stepper_move_steps          
00001041  GPIOPadConfigSet            
00001175  SysCtlClockGet              
00001285  SysCtlClockSet              
00001379  __aeabi_memcpy              
00001379  __aeabi_memcpy4             
00001379  __aeabi_memcpy8             
00001379  memcpy                      
00001415  __aeabi_memclr              
00001415  __aeabi_memclr4             
00001415  __aeabi_memclr8             
00001417  __aeabi_memset              
00001417  __aeabi_memset4             
00001417  __aeabi_memset8             
0000141d  memset                      
00001491  __TI_auto_init              
00001569  IntEnable                   
000015d1  TimerConfigure              
00001631  _c_int00                    
000016cd  copy_in                     
00001719  GPIOPinConfigure            
00001761  C$$EXIT                     
00001765  abort                       
0000176d  exit                        
000017e5  SSIConfigSetExpClk          
00001821  SysCtlPeripheralReady       
00001859  IntRegister                 
0000188d  SysCtlPeripheralEnable      
000018c1  GPIODirModeSet              
000018eb  GPIOPinTypeGPIOOutput       
00001903  SSIIntRegister              
0000191d  TimerDisable                
00001935  TimerIntRegister            
0000194d  _args_main                  
00001965  _register_unlock            
0000196b  _register_lock              
00001973  _nop                        
00001979  GPIOPinTypeSSI              
0000198b  SSIDataGetNonBlocking       
0000199d  TimerLoadSet                
000019b1  FPUEnable                   
000019c1  FPULazyStackingEnable       
000019d1  IntMasterEnable             
000019e1  TimerEnable                 
000019ef  __TI_decompress_none        
000019fd  CPUcpsie                    
00001a09  SSIDataGet                  
00001a15  __TI_zero_init              
00001a21  ResetISR                    
00001a2d  SSIDataPut                  
00001a37  SSIEnable                   
00001a41  TimerLoadGet                
00001a4b  SSIBusy                     
00001a53  SSIIntEnable                
00001a5b  TimerIntEnable              
00001a63  GPIOPinWrite                
00001a69  SysCtlDelay                 
00001a6f  __TI_decompress_rle24       
00001a75  SSIIntClear                 
00001a79  TimerIntClear               
00001a7d  _system_pre_init            
00002ce8  __TI_Handler_Table_Base     
00002cf4  __TI_Handler_Table_Limit    
00002d08  __TI_CINIT_Base             
00002d20  __TI_CINIT_Limit            
20000000  g_pfnRAMVectors             
2000026c  microstep_values            
20001268  receiveData                 
20001274  receiveSigns                
20001280  dataReady                   
20001284  running                     
20001288  _lock                       
2000128c  _unlock                     
20001290  __TI_cleanup_ptr            
20001294  __TI_dtors_ptr              
20001298  main_func_sp                
2000129c  __stack                     
2000149c  __STACK_END                 
2000149c  __STACK_TOP                 
2000149c  mp                          
ffffffff  __binit__                   
ffffffff  __c_args__                  
ffffffff  binit                       
UNDEFED   SHT$$INIT_ARRAY$$Base       
UNDEFED   SHT$$INIT_ARRAY$$Limit      

[118 symbols]
