******************************************************************************
                  TI ARM Linker PC v5.2.6                      
******************************************************************************
>> Linked Tue Jun 14 21:18:34 2016

OUTPUT FILE NAME:   <circuitbot.out>
ENTRY POINT SYMBOL: "_c_int00"  address: 00001665


MEMORY CONFIGURATION

         name            origin    length      used     unused   attr    fill
----------------------  --------  ---------  --------  --------  ----  --------
  FLASH                 00000000   00040000  00002d50  0003d2b0  R  X
  SRAM                  20000000   00008000  00001598  00006a68  RW X


SEGMENT ALLOCATION MAP

run origin  load origin   length   init length attrs members
----------  ----------- ---------- ----------- ----- -------
00000000    00000000    00002d50   00002d50    r-x
  00000000    00000000    0000026c   0000026c    r-- .intvecs
  0000026c    0000026c    00001848   00001848    r-x .text
  00001ab4    00001ab4    00000254   00000254    r-- .const
  00001d08    00001d08    00001048   00001048    r-- .cinit
20000000    20000000    00001598   00000000    rw-
  20000000    20000000    0000026c   00000000    rw- .vtable
  2000026c    2000026c    00001030   00000000    rw- .data
  2000129c    2000129c    00000200   00000000    rw- .stack
  2000149c    2000149c    000000fc   00000000    rw- .bss


SECTION ALLOCATION MAP

 output                                  attributes/
section   page    origin      length       input sections
--------  ----  ----------  ----------   ----------------
.intvecs   0    00000000    0000026c     
                  00000000    0000026c     tm4c123gh6pm_startup_ccs.obj (.intvecs)

.text      0    0000026c    00001848     
                  0000026c    00000880     libmotorpack.obj (.text)
                  00000aec    00000278     main.obj (.text)
                  00000d64    00000198     stepper.obj (.text)
                  00000efc    00000178     DAC082S085.obj (.text)
                  00001074    00000132     driverlib.lib : gpio.obj (.text:GPIOPadConfigSet)
                  000011a6    00000002     --HOLE-- [fill = 0]
                  000011a8    00000110                   : sysctl.obj (.text:SysCtlClockGet)
                  000012b8    000000f4                   : sysctl.obj (.text:SysCtlClockSet)
                  000013ac    0000009c     rtsv7M4_T_le_v4SPD16_eabi.lib : memcpy_t2.obj (.text)
                  00001448    0000007a                                   : memset_t2.obj (.text)
                  000014c2    00000002     --HOLE-- [fill = 0]
                  000014c4    0000006c                                   : autoinit.obj (.text)
                  00001530    0000006a                                   : copy_decompress_rle.obj (.text)
                  0000159a    00000002     --HOLE-- [fill = 0]
                  0000159c    00000068     driverlib.lib : interrupt.obj (.text:IntEnable)
                  00001604    00000060                   : timer.obj (.text:TimerConfigure)
                  00001664    00000050     rtsv7M4_T_le_v4SPD16_eabi.lib : boot.obj (.text)
                  000016b4    0000004c     driverlib.lib : timer.obj (.text:_TimerIntNumberGet)
                  00001700    0000004c     rtsv7M4_T_le_v4SPD16_eabi.lib : cpy_tbl.obj (.text)
                  0000174c    00000048     driverlib.lib : gpio.obj (.text:GPIOPinConfigure)
                  00001794    00000044     rtsv7M4_T_le_v4SPD16_eabi.lib : exit.obj (.text)
                  000017d8    00000040     driverlib.lib : ssi.obj (.text:_SSIIntNumberGet)
                  00001818    0000003c                   : ssi.obj (.text:SSIConfigSetExpClk)
                  00001854    00000038                   : sysctl.obj (.text:SysCtlPeripheralReady)
                  0000188c    00000034                   : interrupt.obj (.text:IntRegister)
                  000018c0    00000034                   : sysctl.obj (.text:SysCtlPeripheralEnable)
                  000018f4    0000002a                   : gpio.obj (.text:GPIODirModeSet)
                  0000191e    00000018                   : gpio.obj (.text:GPIOPinTypeGPIOOutput)
                  00001936    00000018                   : ssi.obj (.text:SSIIntRegister)
                  0000194e    00000002     --HOLE-- [fill = 0]
                  00001950    00000018                   : timer.obj (.text:TimerDisable)
                  00001968    00000018                   : timer.obj (.text:TimerIntRegister)
                  00001980    00000018     rtsv7M4_T_le_v4SPD16_eabi.lib : args_main.obj (.text)
                  00001998    00000014                                   : _lock.obj (.text)
                  000019ac    00000012     driverlib.lib : gpio.obj (.text:GPIOPinTypeSSI)
                  000019be    00000012                   : ssi.obj (.text:SSIDataGetNonBlocking)
                  000019d0    00000012                   : timer.obj (.text:TimerLoadSet)
                  000019e2    00000002     --HOLE-- [fill = 0]
                  000019e4    00000010                   : fpu.obj (.text:FPUEnable)
                  000019f4    00000010                   : fpu.obj (.text:FPULazyStackingEnable)
                  00001a04    00000010                   : interrupt.obj (.text:IntMasterEnable)
                  00001a14    0000000e                   : timer.obj (.text:TimerEnable)
                  00001a22    0000000e     rtsv7M4_T_le_v4SPD16_eabi.lib : copy_decompress_none.obj (.text:decompress:none)
                  00001a30    0000000c     driverlib.lib : cpu.obj (.text:CPUcpsie)
                  00001a3c    0000000c                   : ssi.obj (.text:SSIDataGet)
                  00001a48    0000000c     rtsv7M4_T_le_v4SPD16_eabi.lib : copy_zero_init.obj (.text:decompress:ZI)
                  00001a54    0000000c     tm4c123gh6pm_startup_ccs.obj (.text)
                  00001a60    0000000a     driverlib.lib : ssi.obj (.text:SSIDataPut)
                  00001a6a    0000000a                   : ssi.obj (.text:SSIEnable)
                  00001a74    0000000a                   : timer.obj (.text:TimerLoadGet)
                  00001a7e    00000008                   : ssi.obj (.text:SSIBusy)
                  00001a86    00000008                   : ssi.obj (.text:SSIIntEnable)
                  00001a8e    00000008                   : timer.obj (.text:TimerIntEnable)
                  00001a96    00000006                   : gpio.obj (.text:GPIOPinWrite)
                  00001a9c    00000006                   : sysctl.obj (.text:SysCtlDelay)
                  00001aa2    00000006     rtsv7M4_T_le_v4SPD16_eabi.lib : copy_decompress_rle.obj (.text:decompress:rle24)
                  00001aa8    00000004     driverlib.lib : ssi.obj (.text:SSIIntClear)
                  00001aac    00000004                   : timer.obj (.text:TimerIntClear)
                  00001ab0    00000004     rtsv7M4_T_le_v4SPD16_eabi.lib : pre_init.obj (.text)

.const     0    00001ab4    00000254     
                  00001ab4    00000090     driverlib.lib : gpio.obj (.const:g_pui32GPIOBaseAddrs)
                  00001b44    00000070                   : interrupt.obj (.const)
                  00001bb4    0000006c                   : sysctl.obj (.const:g_pui32Xtals)
                  00001c20    00000060                   : timer.obj (.const:g_ppui32TimerIntMap)
                  00001c80    00000048                   : ssi.obj (.const)
                  00001cc8    00000040                   : timer.obj (.const:g_ppui32TimerIntMapSnowflake)

.cinit     0    00001d08    00001048     
                  00001d08    0000100d     (.cinit..data.load) [load image, compression = rle]
                  00002d15    00000003     --HOLE-- [fill = 0]
                  00002d18    0000000c     (__TI_handler_table)
                  00002d24    00000004     --HOLE-- [fill = 0]
                  00002d28    00000008     (.cinit..bss.load) [load image, compression = zero_init]
                  00002d30    00000008     (.cinit..vtable.load) [load image, compression = zero_init]
                  00002d38    00000018     (__TI_cinit_table)

.init_array 
*          0    00000000    00000000     UNINITIALIZED

.vtable    0    20000000    0000026c     UNINITIALIZED
                  20000000    0000026c     driverlib.lib : interrupt.obj (.vtable)

.data      0    2000026c    00001030     UNINITIALIZED
                  2000026c    00000ffc     libmotorpack.obj (.data:microstep_values)
                  20001268    00000020     main.obj (.data)
                  20001288    00000008     rtsv7M4_T_le_v4SPD16_eabi.lib : _lock.obj (.data)
                  20001290    00000008                                   : exit.obj (.data)
                  20001298    00000004                                   : stkdepth_vars.obj (.data)

.TI.persistent 
*          0    2000026c    00000000     UNINITIALIZED

.stack     0    2000129c    00000200     UNINITIALIZED
                  2000129c    00000200     --HOLE--

.bss       0    2000149c    000000fc     UNINITIALIZED
                  2000149c    000000fc     libmotorpack.obj (.bss:mp)

.TI.noinit 
*          0    2000149c    00000000     UNINITIALIZED


LINKER GENERATED COPY TABLES

__TI_cinit_table @ 00002d38 records: 3, size/record: 8, table size: 24
	.data: load addr=00001d08, load size=0000100d bytes, run addr=2000026c, run size=00001030 bytes, compression=rle
	.bss: load addr=00002d28, load size=00000008 bytes, run addr=2000149c, run size=000000fc bytes, compression=zero_init
	.vtable: load addr=00002d30, load size=00000008 bytes, run addr=20000000, run size=0000026c bytes, compression=zero_init


LINKER GENERATED HANDLER TABLE

__TI_handler_table @ 00002d18 records: 3, size/record: 4, table size: 12
	index: 0, handler: __TI_zero_init
	index: 1, handler: __TI_decompress_rle24
	index: 2, handler: __TI_decompress_none


GLOBAL SYMBOLS: SORTED ALPHABETICALLY BY Name 

address   name                        
-------   ----                        
00001795  C$$EXIT                     
00001a31  CPUcpsie                    
00000bc9  ConfigureSPI                
00000aed  ConfigureTimer              
0000102d  DAC082S085_get_value        
00000efd  DAC082S085_init             
00000fa9  DAC082S085_set_value        
000019e5  FPUEnable                   
000019f5  FPULazyStackingEnable       
000018f5  GPIODirModeSet              
00001075  GPIOPadConfigSet            
0000174d  GPIOPinConfigure            
0000191f  GPIOPinTypeGPIOOutput       
000019ad  GPIOPinTypeSSI              
00001a97  GPIOPinWrite                
0000159d  IntEnable                   
00001a05  IntMasterEnable             
0000188d  IntRegister                 
00001a55  ResetISR                    
UNDEFED   SHT$$INIT_ARRAY$$Base       
UNDEFED   SHT$$INIT_ARRAY$$Limit      
00000b29  SSI0IntHandler              
00001a7f  SSIBusy                     
00001819  SSIConfigSetExpClk          
00001a3d  SSIDataGet                  
000019bf  SSIDataGetNonBlocking       
00001a61  SSIDataPut                  
00001a6b  SSIEnable                   
00001aa9  SSIIntClear                 
00001a87  SSIIntEnable                
00001937  SSIIntRegister              
000011a9  SysCtlClockGet              
000012b9  SysCtlClockSet              
00001a9d  SysCtlDelay                 
000018c1  SysCtlPeripheralEnable      
00001855  SysCtlPeripheralReady       
0000026d  TIMER2AIntHandler           
000003b7  TIMER3AIntHandler           
00000525  TIMER4AIntHandler           
00000c29  Timer0IntHandler            
00001605  TimerConfigure              
00001951  TimerDisable                
00001a15  TimerEnable                 
00001aad  TimerIntClear               
00001a8f  TimerIntEnable              
00001969  TimerIntRegister            
00001a75  TimerLoadGet                
000019d1  TimerLoadSet                
2000149c  __STACK_END                 
00000200  __STACK_SIZE                
2000149c  __STACK_TOP                 
00002d38  __TI_CINIT_Base             
00002d50  __TI_CINIT_Limit            
00002d18  __TI_Handler_Table_Base     
00002d24  __TI_Handler_Table_Limit    
000014c5  __TI_auto_init              
20001290  __TI_cleanup_ptr            
00001a23  __TI_decompress_none        
00001aa3  __TI_decompress_rle24       
20001294  __TI_dtors_ptr              
00000000  __TI_static_base__          
00001a49  __TI_zero_init              
00001449  __aeabi_memclr              
00001449  __aeabi_memclr4             
00001449  __aeabi_memclr8             
000013ad  __aeabi_memcpy              
000013ad  __aeabi_memcpy4             
000013ad  __aeabi_memcpy8             
0000144b  __aeabi_memset              
0000144b  __aeabi_memset4             
0000144b  __aeabi_memset8             
ffffffff  __binit__                   
ffffffff  __c_args__                  
2000129c  __stack                     
00001981  _args_main                  
00001665  _c_int00                    
20001288  _lock                       
000019a7  _nop                        
0000199f  _register_lock              
00001999  _register_unlock            
00001ab1  _system_pre_init            
2000128c  _unlock                     
00001799  abort                       
ffffffff  binit                       
00001701  copy_in                     
20001280  dataReady                   
000017a1  exit                        
20000000  g_pfnRAMVectors             
00000000  g_pfnVectors                
00000ccd  main                        
20001298  main_func_sp                
000013ad  memcpy                      
00001451  memset                      
2000026c  microstep_values            
0000069f  motor_pack_disable_motors   
00000691  motor_pack_enable_motors    
00000679  motor_pack_init             
000006e5  motor_pack_init_stepper     
0000090f  motor_pack_move_steps       
00000959  motor_pack_set_stepper_dir  
000008ad  motor_pack_set_stepper_div  
000008dd  motor_pack_set_stepping_rate
00000a41  motor_pack_stepper_idle     
0000099d  motor_pack_stepper_start    
000009dd  motor_pack_stepper_stop     
2000149c  mp                          
20001268  receiveData                 
20001274  receiveSigns                
20001284  running                     
00000e0d  stepper_disable             
00000e31  stepper_enable              
00000dbf  stepper_idle                
00000d65  stepper_init                
00000edb  stepper_move_steps          
00000e97  stepper_set_dir             
00000ea9  stepper_set_stepping_rate   
00000e79  stepper_start               
00000e5b  stepper_stop                


GLOBAL SYMBOLS: SORTED BY Symbol Address 

address   name                        
-------   ----                        
00000000  __TI_static_base__          
00000000  g_pfnVectors                
00000200  __STACK_SIZE                
0000026d  TIMER2AIntHandler           
000003b7  TIMER3AIntHandler           
00000525  TIMER4AIntHandler           
00000679  motor_pack_init             
00000691  motor_pack_enable_motors    
0000069f  motor_pack_disable_motors   
000006e5  motor_pack_init_stepper     
000008ad  motor_pack_set_stepper_div  
000008dd  motor_pack_set_stepping_rate
0000090f  motor_pack_move_steps       
00000959  motor_pack_set_stepper_dir  
0000099d  motor_pack_stepper_start    
000009dd  motor_pack_stepper_stop     
00000a41  motor_pack_stepper_idle     
00000aed  ConfigureTimer              
00000b29  SSI0IntHandler              
00000bc9  ConfigureSPI                
00000c29  Timer0IntHandler            
00000ccd  main                        
00000d65  stepper_init                
00000dbf  stepper_idle                
00000e0d  stepper_disable             
00000e31  stepper_enable              
00000e5b  stepper_stop                
00000e79  stepper_start               
00000e97  stepper_set_dir             
00000ea9  stepper_set_stepping_rate   
00000edb  stepper_move_steps          
00000efd  DAC082S085_init             
00000fa9  DAC082S085_set_value        
0000102d  DAC082S085_get_value        
00001075  GPIOPadConfigSet            
000011a9  SysCtlClockGet              
000012b9  SysCtlClockSet              
000013ad  __aeabi_memcpy              
000013ad  __aeabi_memcpy4             
000013ad  __aeabi_memcpy8             
000013ad  memcpy                      
00001449  __aeabi_memclr              
00001449  __aeabi_memclr4             
00001449  __aeabi_memclr8             
0000144b  __aeabi_memset              
0000144b  __aeabi_memset4             
0000144b  __aeabi_memset8             
00001451  memset                      
000014c5  __TI_auto_init              
0000159d  IntEnable                   
00001605  TimerConfigure              
00001665  _c_int00                    
00001701  copy_in                     
0000174d  GPIOPinConfigure            
00001795  C$$EXIT                     
00001799  abort                       
000017a1  exit                        
00001819  SSIConfigSetExpClk          
00001855  SysCtlPeripheralReady       
0000188d  IntRegister                 
000018c1  SysCtlPeripheralEnable      
000018f5  GPIODirModeSet              
0000191f  GPIOPinTypeGPIOOutput       
00001937  SSIIntRegister              
00001951  TimerDisable                
00001969  TimerIntRegister            
00001981  _args_main                  
00001999  _register_unlock            
0000199f  _register_lock              
000019a7  _nop                        
000019ad  GPIOPinTypeSSI              
000019bf  SSIDataGetNonBlocking       
000019d1  TimerLoadSet                
000019e5  FPUEnable                   
000019f5  FPULazyStackingEnable       
00001a05  IntMasterEnable             
00001a15  TimerEnable                 
00001a23  __TI_decompress_none        
00001a31  CPUcpsie                    
00001a3d  SSIDataGet                  
00001a49  __TI_zero_init              
00001a55  ResetISR                    
00001a61  SSIDataPut                  
00001a6b  SSIEnable                   
00001a75  TimerLoadGet                
00001a7f  SSIBusy                     
00001a87  SSIIntEnable                
00001a8f  TimerIntEnable              
00001a97  GPIOPinWrite                
00001a9d  SysCtlDelay                 
00001aa3  __TI_decompress_rle24       
00001aa9  SSIIntClear                 
00001aad  TimerIntClear               
00001ab1  _system_pre_init            
00002d18  __TI_Handler_Table_Base     
00002d24  __TI_Handler_Table_Limit    
00002d38  __TI_CINIT_Base             
00002d50  __TI_CINIT_Limit            
20000000  g_pfnRAMVectors             
2000026c  microstep_values            
20001268  receiveData                 
20001274  receiveSigns                
20001280  dataReady                   
20001284  running                     
20001288  _lock                       
2000128c  _unlock                     
20001290  __TI_cleanup_ptr            
20001294  __TI_dtors_ptr              
20001298  main_func_sp                
2000129c  __stack                     
2000149c  __STACK_END                 
2000149c  __STACK_TOP                 
2000149c  mp                          
ffffffff  __binit__                   
ffffffff  __c_args__                  
ffffffff  binit                       
UNDEFED   SHT$$INIT_ARRAY$$Base       
UNDEFED   SHT$$INIT_ARRAY$$Limit      

[118 symbols]
